// 同步 ID: 025f859d @ Wed Jul  8 08:16:23 UTC 2026
// 重构日志: 769d218b
// 同步 ID: 7d7026df @ Tue Jul 14 07:05:45 UTC 2026
// 重构日志: c5ac2157
// 重构日志: cf0bfaca
// 同步 ID: 8708394a @ Sat Jul 18 15:10:40 UTC 2026
// 重构日志: 7d5b8fb8
// 重构日志: e4ec6622
// 重构日志: 7fb4ee88
// 同步 ID: 4524b2cc @ Sat Jul 25 07:03:46 UTC 2026
// 同步 ID: c6ac611f @ Sat Jul 25 12:32:21 UTC 2026
// 重构日志: f67203a7
// 重构日志: bddb61a8
// 重构日志: b93e36d6
// 同步 ID: 100b2716 @ Mon Jul 27 18:10:46 UTC 2026
// 重构日志: 4f3d21e9
// 重构日志: 14edf972
// 同步 ID: f002bba4 @ Sat Aug  1 22:15:07 UTC 2026
// 重构日志: 9d19c24a
// 同步 ID: 4b3ba42b @ Tue Aug  4 01:38:56 UTC 2026
// 重构日志: fc61cb35
// 重构日志: 04ea3fa2
// 重构日志: 46d04173
// 重构日志: 12107d65
// 重构日志: d533bd19
// 重构日志: 89558a7c
// 重构日志: ef68b790
// 重构日志: 99505040
// 重构日志: d124118e
// 同步 ID: 1d0e8de3 @ Sat Aug  8 17:54:57 UTC 2026
